../Core/Src/main.c:95:6:GenerateSineTable	32	static
../Core/Src/main.c:118:6:Sensor_Read_with_Kalman	120	static
../Core/Src/main.c:144:6:processAcceleration	24	static
../Core/Src/main.c:167:5:main	16	static
../Core/Src/main.c:225:6:SystemClock_Config	96	static
../Core/Src/main.c:276:13:MX_DAC1_Init	48	static
../Core/Src/main.c:328:13:MX_I2C1_Init	8	static
../Core/Src/main.c:376:13:MX_TIM2_Init	40	static
../Core/Src/main.c:421:13:MX_USART1_UART_Init	8	static
../Core/Src/main.c:467:13:MX_DMA_Init	16	static
../Core/Src/main.c:486:13:MX_GPIO_Init	16	static
../Core/Src/main.c:507:6:Error_Handler	4	static,ignoring_inline_asm
